// Jest Snapshot v1, https://goo.gl/fbAQLP

exports[`renders the CommitItem from snapshot 1`] = `
<View
  style={
    Object {
      "flexDirection": "row",
      "paddingHorizontal": 4,
      "paddingVertical": 8,
    }
  }
>
  <Image
    source={
      Object {
        "uri": "https://avatars3.githubusercontent.com/u/29597?v=3",
      }
    }
    style={
      Object {
        "borderRadius": 4,
        "height": 50,
        "width": 50,
      }
    }
  />
  <View
    style={
      Object {
        "borderBottomWidth": 0.2,
        "flex": 1,
        "marginLeft": 4,
      }
    }
  >
    <Text
      accessible={true}
      allowFontScaling={true}
      ellipsizeMode="tail"
      numberOfLines={1}
      style={
        Object {
          "fontSize": 12,
          "fontWeight": "bold",
          "paddingBottom": 4,
        }
      }
    >
      Moved takeSnapshot method from UIManager to ReactNative
      
      Reviewed By: spicyj
      
      Differential Revision: D4767428
      
      fbshipit-source-id: 77c80c0135641ab46f9dce2763f27499a96373a0
    </Text>
    <Text
      accessible={true}
      allowFontScaling={true}
      ellipsizeMode="tail"
      style={
        Object {
          "fontSize": 12,
        }
      }
    >
      Brian Vaughn committed with Facebook Github Bot 9 hours ago
    </Text>
  </View>
</View>
`;
